
Memory Configuration

Name             Origin             Length             Attributes
FLASH            0x000000000002ae20 0x0000000000003160
RAM              0x00000000200134e8 0x000000000000c318
*default*        0x0000000000000000 0xffffffffffffffff

Linker script and memory map

LOAD C:\Users\Vali\AppData\Local\Temp\cce33l9U.o
                0x000000000134d9a3                target_fw = 0x134d9a3
                0x000000000002ae20                custom_flash_base = 0x2ae20
                0x00000000200134e8                custom_ram_base = 0x200134e8
                0x0000000000005048                handle_reset_orig = 0x5048
                0x000000000002ad88                curbrk_init = 0x2ad88
                0x000000000000a41e                handle_usb_cmd_2_hook = 0xa41e
                0x0000000000009f68                handle_usb_cmd_2_fail = 0x9f68
                0x0000000000009f40                handle_usb_cmd_2_ret = 0x9f40
                0x00000000200004e4                g_key_single_count = 0x200004e4
                0x000000002000e9b8                g_key_analog = 0x2000e9b8
                0x0000000020012db8                g_key_color_state = 0x20012db8
                0x000000002000d9b0                g_key_pressed = 0x2000d9b0
                0x0000000020012be0                g_menu_items = 0x20012be0
                0x0000000020012da0                g_menu_item_count = 0x20012da0
                0x0000000000006798                screen_layer_update_menu_hook = 0x6798
                0x00000000000067b6                screen_layer_update_no_menu = 0x67b6
                0x0000000000006c3c                screen_layer_update_hook = 0x6c3c
                0x000000000000679c                screen_layer_update_ret = 0x679c
                0x0000000000006866                screen_layer_update_boot_screen = 0x6866
                0x0000000000008fb8                menu_tick = 0x8fb8
                0x0000000000008fc4                menu_tick_fb_clear = 0x8fc4
                0x0000000000007b16                menu_device = 0x7b16
                0x00000000000079aa                menu_device_info = 0x79aa
                0x000000000000dbc2                ms_callback_hook = 0xdbc2
                0x000000000002a96e                ms_callback_orig = 0x2a96e
                0x0000000000005eb2                draw_number = 0x5eb2
                0x0000000000005a98                draw_ascii_char = 0x5a98
                0x0000000000019ad8                g_font = 0x19ad8
                0x00000000200138fc                _end = _ebss

.text           0x000000000002ae20      0xdcc
                0x000000000002ae20                . = ALIGN (0x4)
 *(.text)
 .text          0x000000000002ae20      0xbea C:\Users\Vali\AppData\Local\Temp\cce33l9U.o
                0x000000000002b3ce                handle_reset_custom
                0x000000000002b41c                get_analog_key
                0x000000000002b47a                custom_widget_handler
                0x000000000002b8f6                ms_callback_custom
                0x000000000002b992                screen_layer_update_custom
                0x000000000002b9a6                screen_layer_update_menu_custom
                0x000000000002b9c0                menu_device_info_custom
 *(.text.*)
 *(.rodata)
 *fill*         0x000000000002ba0a        0x2 
 .rodata        0x000000000002ba0c      0x116 C:\Users\Vali\AppData\Local\Temp\cce33l9U.o
 *(.rodata*)
 *fill*         0x000000000002bb22        0x2 
 .rodata.str4.4
                0x000000000002bb24       0xc8 C:\Users\Vali\AppData\Local\Temp\cce33l9U.o
 *(.gnu.linkonce.t.*)
                0x000000000002bbec                . = ALIGN (0x4)

.rela.dyn       0x000000000002bbec        0x0
 .rela.text     0x000000000002bbec        0x0 C:\Users\Vali\AppData\Local\Temp\cce33l9U.o

.dalign         0x00000000200134e8        0x0 load address 0x000000000002bbec
                0x00000000200134e8                . = ALIGN (0x4)
                0x00000000200134e8                PROVIDE (_data_vma = .)

.dlalign        0x000000000002bbec        0x0
                0x000000000002bbec                . = ALIGN (0x4)
                0x000000000002bbec                PROVIDE (_data_lma = .)

.data           0x00000000200134e8       0x18 load address 0x000000000002bbec
 *(.gnu.linkonce.r.*)
 *(.data .data.*)
 .data          0x00000000200134e8        0xb C:\Users\Vali\AppData\Local\Temp\cce33l9U.o
 *(.gnu.linkonce.d.*)
                0x00000000200134f8                . = ALIGN (0x8)
 *fill*         0x00000000200134f3        0x5 
                [!provide]                        PROVIDE (__global_pointer$ = (. + 0x800))
 *(.sdata .sdata.*)
 *(.sdata2.*)
 *(.gnu.linkonce.s.*)
                0x00000000200134f8                . = ALIGN (0x8)
 *(.srodata.cst16)
 *(.srodata.cst8)
 *(.srodata.cst4)
 .srodata.cst4  0x00000000200134f8        0x8 C:\Users\Vali\AppData\Local\Temp\cce33l9U.o
 *(.srodata.cst2)
 *(.srodata .srodata.*)
                0x0000000020013500                . = ALIGN (0x4)
                0x0000000020013500                PROVIDE (_edata = .)

.bss            0x0000000020013500      0x3fc load address 0x000000000002bc04
                0x0000000020013500                . = ALIGN (0x4)
                0x0000000020013500                PROVIDE (_sbss = .)
 *(.sbss*)
 .sbss          0x0000000020013500        0x6 C:\Users\Vali\AppData\Local\Temp\cce33l9U.o
 *(.gnu.linkonce.sb.*)
 *(.bss*)
 *fill*         0x0000000020013506        0x2 
 .bss           0x0000000020013508      0x3f4 C:\Users\Vali\AppData\Local\Temp\cce33l9U.o
 *(.gnu.linkonce.b.*)
 *(COMMON*)
                0x00000000200138fc                . = ALIGN (0x4)
                0x00000000200138fc                PROVIDE (_ebss = .)
LOAD c:/program files/sysgcc/bin/../lib/gcc/riscv64-unknown-elf/10.1.0\libgcc.a
START GROUP
LOAD c:/program files/sysgcc/bin/../lib/gcc/riscv64-unknown-elf/10.1.0/../../../../riscv64-unknown-elf/lib\libc.a
LOAD c:/program files/sysgcc/bin/../lib/gcc/riscv64-unknown-elf/10.1.0/../../../../riscv64-unknown-elf/lib\libgloss.a
END GROUP
LOAD c:/program files/sysgcc/bin/../lib/gcc/riscv64-unknown-elf/10.1.0\libgcc.a
OUTPUT(bin/main.o elf32-littleriscv)

.debug_info     0x0000000000000000      0xe99
 .debug_info    0x0000000000000000      0xe99 C:\Users\Vali\AppData\Local\Temp\cce33l9U.o

.debug_abbrev   0x0000000000000000      0x33e
 .debug_abbrev  0x0000000000000000      0x33e C:\Users\Vali\AppData\Local\Temp\cce33l9U.o

.debug_loc      0x0000000000000000     0x14cc
 .debug_loc     0x0000000000000000     0x14cc C:\Users\Vali\AppData\Local\Temp\cce33l9U.o

.debug_aranges  0x0000000000000000       0x20
 .debug_aranges
                0x0000000000000000       0x20 C:\Users\Vali\AppData\Local\Temp\cce33l9U.o

.debug_ranges   0x0000000000000000      0x430
 .debug_ranges  0x0000000000000000      0x430 C:\Users\Vali\AppData\Local\Temp\cce33l9U.o

.debug_line     0x0000000000000000     0x18c9
 .debug_line    0x0000000000000000     0x18c9 C:\Users\Vali\AppData\Local\Temp\cce33l9U.o

.debug_str      0x0000000000000000      0x3f6
 .debug_str     0x0000000000000000      0x3f6 C:\Users\Vali\AppData\Local\Temp\cce33l9U.o
                                        0x44b (size before relaxing)

.comment        0x0000000000000000       0x12
 .comment       0x0000000000000000       0x12 C:\Users\Vali\AppData\Local\Temp\cce33l9U.o
                                         0x13 (size before relaxing)

.riscv.attributes
                0x0000000000000000       0x36
 .riscv.attributes
                0x0000000000000000       0x36 C:\Users\Vali\AppData\Local\Temp\cce33l9U.o

.debug_frame    0x0000000000000000      0x144
 .debug_frame   0x0000000000000000      0x144 C:\Users\Vali\AppData\Local\Temp\cce33l9U.o
